// Jest Snapshot v1, https://goo.gl/fbAQLP

exports[`should render ExpenseList with expenses 1`] = `
<div>
  <div>
    <ExpensesSummary
      expenseCount={3}
      expensesTotal={114195}
    />
  </div>
  <ExpenseListItem
    amount={195}
    createdAt={0}
    description="Gum"
    id="1"
    key="0"
    note=""
  />
  <ExpenseListItem
    amount={109500}
    createdAt={-345600000}
    description="Rent"
    id="2"
    key="1"
    note=""
  />
  <ExpenseListItem
    amount={4500}
    createdAt={345600000}
    description="Credit Card"
    id="3"
    key="2"
    note="JSPZWNM"
  />
</div>
`;

exports[`should render ExpensesList with empty message 1`] = `
<div>
  <div>
    <ExpensesSummary
      expenseCount={0}
      expensesTotal={0}
    />
  </div>
  <p>
    No expenses
  </p>
</div>
`;
