// Jest Snapshot v1, https://goo.gl/fbAQLP

exports[`should render expenses total with 1 expense 1`] = `
<div>
  <h1>
    Viewing 
    1
     totaling 
    $145.60
  </h1>
</div>
`;
